/homepage
/interventi/integov
/interventi/intaltri_mdir
/interventi/altri_int
/pubblicazioni/relann
/pubblicazioni/relapago
/pubblicazioni/econo/bollec
/pubblicazioni/econo/ecore
/pubblicazioni/stabilita-finanziaria/rapporto-stabilita-finanziaria
/pubblicazioni/econo/temidi
/pubblicazioni/econo/quest_ecofin_2
/pubblicazioni/econo/newsletter1
/pubblicazioni/pubsto/quaristo
/pubblicazioni/quarigi
/statistiche
/statistiche/stat_mon_cred_fin
/statistiche/stat_mon_cred_fin/stat_int_risk/stasin
/statistiche/stat_mon_cred_fin/stat_int_risk/stabol
/statistiche/stat_mon_cred_fin/banc_fin/pimsmc
/statistiche/stat_mon_cred_fin/banc_fin/pimemf
/statistiche/stat_mon_cred_fin/banc_fin/pimecf
/statistiche/stat_mon_cred_fin/banc_fin/ricfamit
/statistiche/rapp_estero/pimebp
/statistiche/indcamp
/statistiche/indcamp/bilfait
/statistiche/indcamp/indimpser
/statistiche/indcamp/sondaggio
/statistiche/indcamp/sondaggio_mercato_abitazioni
/statistiche/indcamp/indaspe
/statistiche/indcamp/bls
/statistiche/sispaga
/statistiche/finpub
/statistiche/finpub/pimefp
/statistiche/finpub/pimfpr
/statistiche/finpub/pimfpe
/statistiche/storic
/statistiche/SDDS
/statistiche/SDDS/stat_fin/Moneta_IFM
/statistiche/SDDS/stat_fin/Aggregati_riserve
/statistiche/SDDS/stat_fin/tassi_int
/statistiche/SDDS/stat_rapp_est/bilancia_pag
/statistiche/SDDS/stat_rapp_est/posiz_patrim
/statistiche/SDDS/stat_rapp_est/ris_liq
/statistiche/SDDS/stat_rapp_est/debito_estero
/statistiche/altre_pub/econ_it
/statistiche/racc_datser/intermediari
/statistiche/quadro_norma_metodo/metodoc
/vigilanza
/vigilanza/pubblicazioni/bollvig
/vigilanza/normativa
/vigilanza/normativa/norm_bi
/vigilanza/avvisi
/vigilanza/anti
/vigilanza/contrasto_usura
/vigilanza/avvisi/contrasto-abusivismo
/vigilanza/analisi-sistema
/vigilanza/analisi-sistema/stress_test
/vigilanza/cons-pubblica
/vigilanza/regolamentati
/vigilanza/regolamentati/banche
/vigilanza/regolamentati/sim
/vigilanza/regolamentati/sgr-sicav
/vigilanza/regolamentati/intfin107
/vigilanza/regolamentati/imel
/vigilanza/regolamentati/ist-pagamento
/vigilanza/regolamentati/congl-fin
/vigilanza/regolamentati/albi-elenchi
/UIF
/sispaga/servpag
/sispaga/servpag/bicomp
/sispaga/servpag/mtt
/sispaga/servpag/cai
/sispaga/servpag/dsp
/sispaga/servpag/secorr
/sispaga/servpag/target2
/sispaga/servpag/t2sec
/sispaga/servpag/sibos
/sispaga/sms
/sispaga/sms/sepa
/sispaga/sms/normativa
/sispaga/sms/docum
/bancaditalia
/bancaditalia/lavorare
/bancaditalia/bandigara
/media
/media/agenda
/media/comsta
/eurosistema
/media/comunicati_bce/com_bce
/eurosistema/comest/pubBCE
/banca_centrale
/banca_centrale/cambi/rif
/banca_centrale/operazioni/titoli/collocamenti/annunci
/banca_centrale/operazioni/mercato_mon/infop/optes
/bancomonete
/servizi_pubbl/monetaitaliaunita